******************************************************************************
                  TI ARM Linker PC v18.1.2                     
******************************************************************************
>> Linked Thu Oct  4 19:26:08 2018

OUTPUT FILE NAME:   <Projeto 3.out>
ENTRY POINT SYMBOL: "_c_int00_noargs"  address: 00001ce9


MEMORY CONFIGURATION

         name            origin    length      used     unused   attr    fill
----------------------  --------  ---------  --------  --------  ----  --------
  FLASH                 00000000   00040000  00001db6  0003e24a  R  X
  SRAM                  20000000   00008000  000002f0  00007d10  RW X


SEGMENT ALLOCATION MAP

run origin  load origin   length   init length attrs members
----------  ----------- ---------- ----------- ----- -------
00000000    00000000    00001db8   00001db8    r-x
  00000000    00000000    0000026c   0000026c    r-- .intvecs
  0000026c    0000026c    00001b1a   00001b1a    r-x .text
  00001d88    00001d88    00000030   00000030    r-- .cinit
20000000    20000000    000002f0   00000000    rw-
  20000000    20000000    00000200   00000000    rw- .stack
  20000200    20000200    000000e8   00000000    rw- .bss
  200002e8    200002e8    00000008   00000000    rw- .data


SECTION ALLOCATION MAP

 output                                  attributes/
section   page    origin      length       input sections
--------  ----  ----------  ----------   ----------------
.intvecs   0    00000000    0000026c     
                  00000000    0000026c     tm4c123gh6pm_startup_ccs.obj (.intvecs)

.text      0    0000026c    00001b1a     
                  0000026c    00000a38     main.obj (.text)
                  00000ca4    00000520     pwm.obj (.text)
                  000011c4    000003e2     display16x2.obj (.text)
                  000015a6    00000002     --HOLE-- [fill = 0]
                  000015a8    00000378     gpioUtils.obj (.text)
                  00001920    00000140     eeprom.obj (.text)
                  00001a60    00000140     utilitarioTiva.obj (.text)
                  00001ba0    0000009c     rtsv7M4_T_le_v4SPD16_eabi.lib : memcpy_t2.asm.obj (.text)
                  00001c3c    00000068                                   : copy_decompress_lzss.c.obj (.text:decompress:lzss:__TI_decompress_lzss)
                  00001ca4    00000044                                   : autoinit.c.obj (.text:__TI_auto_init_nobinit_nopinit:__TI_auto_init_nobinit_nopinit)
                  00001ce8    00000038                                   : boot_cortex_m.c.obj (.text:_c_int00_noargs:_c_int00_noargs)
                  00001d20    0000001e                                   : strcat.c.obj (.text:strcat)
                  00001d3e    00000014                                   : strcpy.c.obj (.text:strcpy)
                  00001d52    00000012                                   : copy_zero_init.c.obj (.text:decompress:ZI:__TI_zero_init_nomemset:__TI_zero_init_nomemset)
                  00001d64    0000000e                                   : copy_decompress_none.c.obj (.text:decompress:none:__TI_decompress_none)
                  00001d72    0000000c     tm4c123gh6pm_startup_ccs.obj (.text)
                  00001d7e    00000004     rtsv7M4_T_le_v4SPD16_eabi.lib : pre_init.c.obj (.text:_system_pre_init)
                  00001d82    00000004                                   : exit.c.obj (.text:abort:abort)

.cinit     0    00001d88    00000030     
                  00001d88    0000000c     (__TI_handler_table)
                  00001d94    00000004     --HOLE-- [fill = 0]
                  00001d98    00000008     (.cinit..bss.load) [load image, compression = zero_init]
                  00001da0    00000007     (.cinit..data.load) [load image, compression = lzss]
                  00001da7    00000001     --HOLE-- [fill = 0]
                  00001da8    00000010     (__TI_cinit_table)

.init_array 
*          0    00000000    00000000     UNINITIALIZED

.bss       0    20000200    000000e8     UNINITIALIZED
                  20000200    00000080     (.common:eeprom)
                  20000280    00000050     (.common:leds)
                  200002d0    00000018     (.common:menu)

.data      0    200002e8    00000008     UNINITIALIZED
                  200002e8    00000008     utilitarioTiva.obj (.data)

.stack     0    20000000    00000200     UNINITIALIZED
                  20000000    00000004     rtsv7M4_T_le_v4SPD16_eabi.lib : boot_cortex_m.c.obj (.stack)
                  20000004    000001fc     --HOLE--

MODULE SUMMARY

       Module                         code   ro data   rw data
       ------                         ----   -------   -------
    .\
       main.obj                       2616   0         232    
       tm4c123gh6pm_startup_ccs.obj   12     620       0      
    +--+------------------------------+------+---------+---------+
       Total:                         2628   620       232    
                                                              
    .\bibliotecas\
       pwm.obj                        1312   0         0      
       display16x2.obj                994    0         0      
       gpioUtils.obj                  888    0         0      
       utilitarioTiva.obj             320    0         8      
       eeprom.obj                     320    0         0      
    +--+------------------------------+------+---------+---------+
       Total:                         3834   0         8      
                                                              
    C:\ti\ccsv8\tools\compiler\ti-cgt-arm_18.1.2.LTS\lib\rtsv7M4_T_le_v4SPD16_eabi.lib
       memcpy_t2.asm.obj              156    0         0      
       copy_decompress_lzss.c.obj     104    0         0      
       autoinit.c.obj                 68     0         0      
       boot_cortex_m.c.obj            56     0         0      
       strcat.c.obj                   30     0         0      
       strcpy.c.obj                   20     0         0      
       copy_zero_init.c.obj           18     0         0      
       copy_decompress_none.c.obj     14     0         0      
       exit.c.obj                     4      0         0      
       pre_init.c.obj                 4      0         0      
    +--+------------------------------+------+---------+---------+
       Total:                         474    0         0      
                                                              
       Stack:                         0      0         512    
       Linker Generated:              0      43        0      
    +--+------------------------------+------+---------+---------+
       Grand Total:                   6936   663       752    


LINKER GENERATED COPY TABLES

__TI_cinit_table @ 00001da8 records: 2, size/record: 8, table size: 16
	.bss: load addr=00001d98, load size=00000008 bytes, run addr=20000200, run size=000000e8 bytes, compression=zero_init
	.data: load addr=00001da0, load size=00000007 bytes, run addr=200002e8, run size=00000008 bytes, compression=lzss


LINKER GENERATED HANDLER TABLE

__TI_handler_table @ 00001d88 records: 3, size/record: 4, table size: 12
	index: 0, handler: __TI_decompress_lzss
	index: 1, handler: __TI_decompress_none
	index: 2, handler: __TI_zero_init


GLOBAL SYMBOLS: SORTED ALPHABETICALLY BY Name 

address   name                          
-------   ----                          
00001d83  C$$EXIT                       
000019a1  EEPROM_read                   
000019f1  EEPROM_write                  
00001d73  ResetISR                      
20000200  __STACK_END                   
00000200  __STACK_SIZE                  
20000200  __STACK_TOP                   
00001da8  __TI_CINIT_Base               
00001db8  __TI_CINIT_Limit              
00001d88  __TI_Handler_Table_Base       
00001d94  __TI_Handler_Table_Limit      
00001ca5  __TI_auto_init_nobinit_nopinit
00001c3d  __TI_decompress_lzss          
00001d65  __TI_decompress_none          
ffffffff  __TI_pprof_out_hndl           
ffffffff  __TI_prof_data_size           
ffffffff  __TI_prof_data_start          
00000000  __TI_static_base__            
00001d53  __TI_zero_init_nomemset       
00001ba1  __aeabi_memcpy                
00001ba1  __aeabi_memcpy4               
00001ba1  __aeabi_memcpy8               
ffffffff  __binit__                     
ffffffff  __c_args__                    
UNDEFED   __mpu_init                    
20000000  __stack                       
00001ce9  _c_int00_noargs               
UNDEFED   _system_post_cinit            
00001d7f  _system_pre_init              
00001d83  abort                         
00001649  ativarADC                     
00000ca5  ativarModulo                  
00001631  ativarRCGC                    
ffffffff  binit                         
00001367  cmd_LCD                       
000016cb  configurarADC0                
0000175b  configurarADC1                
000016ff  configurarFilaADC0            
0000178f  configurarFilaADC1            
00001661  configurarInterrupcao         
00000cc1  configurarPWM                 
0000160b  configurarPino                
00001a61  configurarSysTick             
000017eb  configurarUART0               
00001a83  delay                         
20000200  eeprom                        
000011d7  enable                        
000013e5  escreve_LCD                   
00001853  escreverUART0                 
00000000  g_pfnVectors                  
00001aa3  getMicro                      
00001a9d  getMillis                     
000008a5  gravaDadosEeprom              
000016ad  habilitarADCPorts             
0000186f  habilitarPWMPorts             
00001139  iniciaPwm                     
00001259  inicializa_LCD                
000015d9  inverterBit                   
00001aa9  itoa                          
20000280  leds                          
000015f3  lerBit                        
000011e3  limpaData                     
0000133b  limpaDisplay                  
00001237  limpaRWE                      
0000052d  main                          
00001ba1  memcpy                        
200002d0  menu                          
0000141d  menuDois                      
00001481  menuQuatro                    
0000142b  menuTres                      
0000140f  menuUm                        
200002e8  microsAtual                   
200002ec  millisAtual                   
00000709  populaStructEeprom            
000007e9  populaStructLeds              
000011c5  pulso_enable                  
00000ea5  setCmpa                       
00000fb1  setCmpb                       
000010b1  setControle                   
00000d19  setGeneratorA                 
00000d9b  setGeneratorB                 
00000e1d  setLoad                       
000015a9  setarBit                      
0000026d  setup                         
00001921  startEeprom                   
00001d21  strcat                        
00001d3f  strcpy                        
000009b5  trataMenu                     
00000bc9  trataPortA                    
00000bed  trataPortB                    
00000bef  trataPortC                    
00000c35  trataPortD                    
00000c59  trataPortE                    
00000c61  trataPortF                    
00001a79  trataST                       


GLOBAL SYMBOLS: SORTED BY Symbol Address 

address   name                          
-------   ----                          
00000000  __TI_static_base__            
00000000  g_pfnVectors                  
00000200  __STACK_SIZE                  
0000026d  setup                         
0000052d  main                          
00000709  populaStructEeprom            
000007e9  populaStructLeds              
000008a5  gravaDadosEeprom              
000009b5  trataMenu                     
00000bc9  trataPortA                    
00000bed  trataPortB                    
00000bef  trataPortC                    
00000c35  trataPortD                    
00000c59  trataPortE                    
00000c61  trataPortF                    
00000ca5  ativarModulo                  
00000cc1  configurarPWM                 
00000d19  setGeneratorA                 
00000d9b  setGeneratorB                 
00000e1d  setLoad                       
00000ea5  setCmpa                       
00000fb1  setCmpb                       
000010b1  setControle                   
00001139  iniciaPwm                     
000011c5  pulso_enable                  
000011d7  enable                        
000011e3  limpaData                     
00001237  limpaRWE                      
00001259  inicializa_LCD                
0000133b  limpaDisplay                  
00001367  cmd_LCD                       
000013e5  escreve_LCD                   
0000140f  menuUm                        
0000141d  menuDois                      
0000142b  menuTres                      
00001481  menuQuatro                    
000015a9  setarBit                      
000015d9  inverterBit                   
000015f3  lerBit                        
0000160b  configurarPino                
00001631  ativarRCGC                    
00001649  ativarADC                     
00001661  configurarInterrupcao         
000016ad  habilitarADCPorts             
000016cb  configurarADC0                
000016ff  configurarFilaADC0            
0000175b  configurarADC1                
0000178f  configurarFilaADC1            
000017eb  configurarUART0               
00001853  escreverUART0                 
0000186f  habilitarPWMPorts             
00001921  startEeprom                   
000019a1  EEPROM_read                   
000019f1  EEPROM_write                  
00001a61  configurarSysTick             
00001a79  trataST                       
00001a83  delay                         
00001a9d  getMillis                     
00001aa3  getMicro                      
00001aa9  itoa                          
00001ba1  __aeabi_memcpy                
00001ba1  __aeabi_memcpy4               
00001ba1  __aeabi_memcpy8               
00001ba1  memcpy                        
00001c3d  __TI_decompress_lzss          
00001ca5  __TI_auto_init_nobinit_nopinit
00001ce9  _c_int00_noargs               
00001d21  strcat                        
00001d3f  strcpy                        
00001d53  __TI_zero_init_nomemset       
00001d65  __TI_decompress_none          
00001d73  ResetISR                      
00001d7f  _system_pre_init              
00001d83  C$$EXIT                       
00001d83  abort                         
00001d88  __TI_Handler_Table_Base       
00001d94  __TI_Handler_Table_Limit      
00001da8  __TI_CINIT_Base               
00001db8  __TI_CINIT_Limit              
20000000  __stack                       
20000200  __STACK_END                   
20000200  __STACK_TOP                   
20000200  eeprom                        
20000280  leds                          
200002d0  menu                          
200002e8  microsAtual                   
200002ec  millisAtual                   
ffffffff  __TI_pprof_out_hndl           
ffffffff  __TI_prof_data_size           
ffffffff  __TI_prof_data_start          
ffffffff  __binit__                     
ffffffff  __c_args__                    
ffffffff  binit                         
UNDEFED   __mpu_init                    
UNDEFED   _system_post_cinit            

[95 symbols]
